[backblue.gif]
[fade.gif]
[index.html]
[mormonthink.com/index.html]
[mormonthink.com/foreign.html]
[mormonthink.com/donations.html]
[mormonthink.com/transbomweb.html]
[mormonthink.com/book-of-mormon-problems.html]
[mormonthink.com/lost116web.html]
[mormonthink.com/josephweb.html]
[mormonthink.com/witnessesweb.html]
[mormonthink.com/influences.html]
[mormonthink.com/mormonstudies.html]
[mormonthink.com/moroniweb.html]
[mormonthink.com/firstvisionweb.html]
[mormonthink.com/book-of-abraham-issues.html]
[mormonthink.com/kinderhookweb.html]
[mormonthink.com/jst.html]
[mormonthink.com/zelph.html]
[mormonthink.com/nephiweb.html]
[mormonthink.com/runningweb.html]
[mormonthink.com/joseph-smith-polygamy.html]
[mormonthink.com/blackweb.html]
[mormonthink.com/prophetsweb.html]
[mormonthink.com/greekweb.html]
[mormonthink.com/nameweb.html]
[mormonthink.com/priesthood.html]
[mormonthink.com/rodofaaron.html]
[mormonthink.com/scienceweb.html]
[mormonthink.com/tithing.html]
[mormonthink.com/temple.html]
[mormonthink.com/lying.html]
[mormonthink.com/wow.html]
[mormonthink.com/d&c.html]
[mormonthink.com/testimonyweb.html]
[mormonthink.com/responses.html]
[mormonthink.com/introductionweb.html]
[mormonthink.com/whoarewe.html]
[mormonthink.com/endpage.html]
[mormonthink.com/glossary/index.html]
[mormonthink.com/QUOTES/mormonquotes.html]
[mormonthink.com/personalstories.html]
[mormonthink.com/mormonstories.html]
[mormonthink.com/books.html]
[mormonthink.com/youtube.html]
[mormonthink.com/dvd.html]
[mormonthink.com/ldslinks.html]
[mormonthink.com/fair.html]
[mormonthink.com/essays-responses-intro.html]
[mormonthink.com/essays-race-priesthood.html]
[mormonthink.com/essays-plural-marriage.html]
[mormonthink.com/essays-plural-marriage-in-kirtland-and-nauvoo.html]
[mormonthink.com/essays-manifesto.html]
[mormonthink.com/essays-first-vision.html]
[mormonthink.com/essays-bom-translation.html]
[mormonthink.com/essays-bom-dna.html]
[mormonthink.com/essays-book-of-abraham.html]
[mormonthink.com/essays-mother-in-heaven.html]
[mormonthink.com/essays-priesthood-and-women.html]
[mormonthink.com/essays-becoming-like-god.html]
[mormonthink.com/essays-peace-and-violence.html]
[mormonthink.com/essays-are-mormons-christian.html]
[mormonthink.com/whatsnew.html]
[mormonthink.com/news.html]
[mormonthink.com/personalstories/jeremy-runnells.html]
[mormonthink.com/glossary/court-of-love.html]
[mormonthink.com/glossary/ballard-lipstick.html]
[mormonthink.com/contact.html]
[mormonthink.com/map.html]
[mormonthink.com/glossary/mormonthink-billboard.html]
[mormonthink.com/glossary/sacred-secret.html]
[mormonthink.com/glossary/scrying.html]
[mormonthink.com/glossary/apologist.html]
[mormonthink.com/fairseerstones.html]
[mormonthink.com/glossary/occult.html]
[mormonthink.com/glossary/occams-razor.html]
[mormonthink.com/backup/horses.html]
[mormonthink.com/glossary/michael-coe.html]
[mormonthink.com/backup/nephitecoins.html]
[mormonthink.com/glossary/tulum.html]
[mormonthink.com/coincidence.html]
[mormonthink.com/backup/linguistic.html]
[mormonthink.com/syracuse.html]
[mormonthink.com/outline.html]
[mormonthink.com/glossary/richard-bushman-ama.html]
[mormonthink.com/personalstories/grantpalmer.html]
[mormonthink.com/spauth.html]
[mormonthink.com/backup/packhamdebate.html]
[mormonthink.com/grant1.html]
[mormonthink.com/mormonstudiesauthor.html]
[mormonthink.com/mormonstudiesrigdon.html]
[mormonthink.com/mormonstudieswitness.html]
[mormonthink.com/backup/uncledale.html]
[mormonthink.com/mormonstudiesscribe.html]
[mormonthink.com/whitmerrandyj.html]
[mormonthink.com/QUOTES/angels.html]
[mormonthink.com/vogelwitnesses.html]
[mormonthink.com/army02.html]
[mormonthink.com/mormonstudiesparallel.html]
[mormonthink.com/mormonstudiesgeo.html]
[mormonthink.com/mormonstudiesmaps.html]
[mormonthink.com/mormonstudiesrevised.html]
[mormonthink.com/mormonstudiesseer.html]
[mormonthink.com/mormonstudiesdoctrn.html]
[mormonthink.com/mormonstudiesindians.html]
[mormonthink.com/mormonstudiesdefense.html]
[mormonthink.com/mormonstudiesbible.html]
[mormonthink.com/mormonstudiesvisions.html]
[mormonthink.com/mormonstudiesspaldg.html]
[mormonthink.com/mormonstudiesmatilda.html]
[mormonthink.com/mormonstudiesfragment.html]
[mormonthink.com/mormonstudieshistory.html]
[mormonthink.com/mormonstudiesspauth.html]
[mormonthink.com/mormonstudiesquakers.html]
[mormonthink.com/mormonstudiesatone.html]
[mormonthink.com/mormonstudiesspnote.html]
[mormonthink.com/mormonstudiesreview.html]
[mormonthink.com/mormonstudiesreview2.html]
[mormonthink.com/backup/edward_ashment_part1.html]
[mormonthink.com/backup/edward_ashment_part2.html]
[mormonthink.com/files/hc372to379.html]
[mormonthink.com/glossary/mountain-meadows-massacre.html]
[mormonthink.com/grant6.html]
[mormonthink.com/glossary/orson-pratt.html]
[mormonthink.com/responses/joseph-smith-polygamy-church-sources.html]
[mormonthink.com/personalstories/brianstaley.html]
[mormonthink.com/glossary/bigfoot.html]
[mormonthink.com/glossary/visit-to-cuba.html]
[mormonthink.com/personalstories/lyndonlamborn.html]
[mormonthink.com/tithingdefinition.html]
[mormonthink.com/grant9.html]
[mormonthink.com/personalstories/kayburningham.html]
[mormonthink.com/backup/rodneylundberg.html]
[mormonthink.com/mittromney.html]
[mormonthink.com/templelove.html]
[mormonthink.com/personalstories/david.html]
[mormonthink.com/moretempleexp.html]
[mormonthink.com/glossary/secondendowment.html]
[mormonthink.com/personalstories/tomphillips.html]
[mormonthink.com/personalstories/kenclark.html]
[mormonthink.com/glossary/orderofenoch.html]
[mormonthink.com/glossary/kirtlandtemplededication.html]
[mormonthink.com/rldstestimony.html]
[mormonthink.com/responses/as-if-they-were-speaking-for-god.html]
[mormonthink.com/responses/the-answer-to-all-the-hard-questions.html]
[mormonthink.com/responses/newsroom-church-provides-context-polygamy-11-11-2014.html]
[mormonthink.com/responses/first-presidency-june-28-2014.html]
[mormonthink.com/personalstories/scottc.html]
[mormonthink.com/glossary/ad-hominem.html]
[mormonthink.com/glossary/council-of-fifty.html]
[mormonthink.com/glossary/mormon-aaronic-priesthood.html]
[mormonthink.com/glossary/abraham-lincoln.html]
[mormonthink.com/glossary/adam-ondi-ahman.html]
[mormonthink.com/glossary/adam-michael.html]
[mormonthink.com/glossary/hitler.html]
[mormonthink.com/glossary/apostasy.html]
[mormonthink.com/glossary/articles-of-faith.html]
[mormonthink.com/glossary/atonement.html]
[mormonthink.com/glossary/battlestargalactica.html]
[mormonthink.com/glossary/baptism-for-the-dead.html]
[mormonthink.com/glossary/bearlakemonster.html]
[mormonthink.com/glossary/birth-control.html]
[mormonthink.com/glossary/bishop-mormon.html]
[mormonthink.com/glossary/brigham-young.html]
[mormonthink.com/glossary/playing-cards.html]
[mormonthink.com/glossary/celestial-kingdom.html]
[mormonthink.com/glossary/changes-in-scriptures.html]
[mormonthink.com/glossary/chiasmus.html]
[mormonthink.com/glossary/church-handbook.html]
[mormonthink.com/glossary/cult.html]
[mormonthink.com/glossary/crucible-of-doubt.html]
[mormonthink.com/glossary/crucible-of-doubt-2.html]
[mormonthink.com/glossary/danites.html]
[mormonthink.com/glossary/dream-mine.html]
[mormonthink.com/glossary/elder.html]
[mormonthink.com/glossary/eliasandelijah.html]
[mormonthink.com/glossary/extermination.html]
[mormonthink.com/glossary/faith.html]
[mormonthink.com/glossary/family-home-evening.html]
[mormonthink.com/glossary/forgiveness.html]
[mormonthink.com/glossary/gambling.html]
[mormonthink.com/glossary/garments.html]
[mormonthink.com/glossary/genealogy.html]
[mormonthink.com/glossary/heavenly-mother.html]
[mormonthink.com/glossary/homosexuality.html]
[mormonthink.com/glossary/hosannashout.html]
[mormonthink.com/glossary/joseph-smith-consent.html]
[mormonthink.com/glossary/anti-banking.html]
[mormonthink.com/glossary/kolob.html]
[mormonthink.com/glossary/magic.html]
[mormonthink.com/glossary/mormon-melchizedek-priesthood.html]
[mormonthink.com/glossary/membership-statistics.html]
[mormonthink.com/glossary/missionary-work.html]
[mormonthink.com/monson-summons.html]
[mormonthink.com/glossary/mormonthink-pass-it-on-cards.html]
[mormonthink.com/glossary/nauvoo-expositor.html]
[mormonthink.com/glossary/one-mighty-among-them.html]
[mormonthink.com/glossary/patriarchal-blessings.html]
[mormonthink.com/glossary/plan-of-salvation.html]
[mormonthink.com/glossary/prayer.html]
[mormonthink.com/glossary/reliefsociety.html]
[mormonthink.com/glossary/midway-sacrament-talk.html]
[mormonthink.com/glossary/salvation.html]
[mormonthink.com/glossary/satan.html]
[mormonthink.com/glossary/scientology.html]
[mormonthink.com/glossary/school-of-the-prophets.html]
[mormonthink.com/glossary/school-of-the-prophets-2013-sweden.html]
[mormonthink.com/glossary/seagullmiracle.html]
[mormonthink.com/glossary/shakespeare.html]
[mormonthink.com/glossary/sidney-rigdon.html]
[mormonthink.com/glossary/spirit.html]
[mormonthink.com/glossary/stone-box.html]
[mormonthink.com/glossary/surrenderdorothy.html]
[mormonthink.com/glossary/swedish-rescue.html]
[mormonthink.com/glossary/swedish-rescue2.html]
[mormonthink.com/glossary/symonds-ryder.html]
[mormonthink.com/glossary/telestial-kingdom.html]
[mormonthink.com/glossary/terrestrial-kingdom.html]
[mormonthink.com/glossary/thomas-marsh.html]
[mormonthink.com/glossary/three-nephites.html]
[mormonthink.com/glossary/transfiguration.html]
[mormonthink.com/glossary/washington-times-1904.html]
[mormonthink.com/glossary/whitehorseprophecy.html]
[mormonthink.com/glossary/whistlers.html]
[mormonthink.com/glossary/wifi.html]
[mormonthink.com/glossary/worldsfair1893.html]
[mormonthink.com/glossary/zion.html]
[mormonthink.com/glossary/zions-camp.html]
[mormonthink.com/quotes.html]
[mormonthink.com/QUOTES/abortion.html]
[mormonthink.com/QUOTES/adamgod.html]
[mormonthink.com/QUOTES/blacks.html]
[mormonthink.com/QUOTES/apostates.html]
[mormonthink.com/QUOTES/archaeology.html]
[mormonthink.com/QUOTES/arrogance.html]
[mormonthink.com/QUOTES/baptism.html]
[mormonthink.com/QUOTES/baptismforthedead.html]
[mormonthink.com/QUOTES/bhroberts.html]
[mormonthink.com/QUOTES/birthcontrol.html]
[mormonthink.com/QUOTES/birthofjesus.html]
[mormonthink.com/QUOTES/blackintermarriage.html]
[mormonthink.com/QUOTES/bloodatonement.html]
[mormonthink.com/QUOTES/bloodtransfusion.html]
[mormonthink.com/QUOTES/boaquotes.html]
[mormonthink.com/QUOTES/bookofcommandments.html]
[mormonthink.com/QUOTES/bomquotes.html]
[mormonthink.com/QUOTES/bomanimals.html]
[mormonthink.com/QUOTES/bomcrops.html]
[mormonthink.com/QUOTES/bomculture.html]
[mormonthink.com/QUOTES/bommetallurgy.html]
[mormonthink.com/QUOTES/boydkpackerquotes.html]
[mormonthink.com/QUOTES/bydictator.html]
[mormonthink.com/QUOTES/byu.html]
[mormonthink.com/QUOTES/christianity.html]
[mormonthink.com/QUOTES/churchhistory.html]
[mormonthink.com/QUOTES/churchwelfare.html]
[mormonthink.com/QUOTES/civilwar.html]
[mormonthink.com/QUOTES/communications.html]
[mormonthink.com/QUOTES/communism.html]
[mormonthink.com/QUOTES/concubines.html]
[mormonthink.com/QUOTES/contrevelation.html]
[mormonthink.com/QUOTES/conversion.html]
[mormonthink.com/QUOTES/corporate.html]
[mormonthink.com/QUOTES/costofbom.html]
[mormonthink.com/QUOTES/council.html]
[mormonthink.com/QUOTES/danites.html]
[mormonthink.com/QUOTES/democracy.html]
[mormonthink.com/QUOTES/depression.html]
[mormonthink.com/QUOTES/divorce.html]
[mormonthink.com/QUOTES/dna.html]
[mormonthink.com/QUOTES/earth.html]
[mormonthink.com/QUOTES/emma.html]
[mormonthink.com/QUOTES/empty.html]
[mormonthink.com/QUOTES/endowments.html]
[mormonthink.com/QUOTES/entertainment.html]
[mormonthink.com/QUOTES/era.html]
[mormonthink.com/QUOTES/eternal.html]
[mormonthink.com/QUOTES/evolution.html]
[mormonthink.com/QUOTES/ezra.html]
[mormonthink.com/QUOTES/firstvision.html]
[mormonthink.com/QUOTES/fundamentalism.html]
[mormonthink.com/QUOTES/gardenofeden.html]
[mormonthink.com/QUOTES/garments.html]
[mormonthink.com/QUOTES/george.html]
[mormonthink.com/QUOTES/gold.html]
[mormonthink.com/QUOTES/gov.html]
[mormonthink.com/QUOTES/heavenly.html]
[mormonthink.com/QUOTES/hillcumorah.html]
[mormonthink.com/QUOTES/hiram.html]
[mormonthink.com/QUOTES/hofmann.html]
[mormonthink.com/QUOTES/homosexuality.html]
[mormonthink.com/QUOTES/infallibility.html]
[mormonthink.com/QUOTES/intellectualism.html]
[mormonthink.com/QUOTES/jews.html]
[mormonthink.com/QUOTES/jscharacter.html]
[mormonthink.com/QUOTES/js1826.html]
[mormonthink.com/QUOTES/jsplural.html]
[mormonthink.com/QUOTES/jssuccessor.html]
[mormonthink.com/QUOTES/jst.html]
[mormonthink.com/QUOTES/kinderhook.html]
[mormonthink.com/QUOTES/kirtlandbank.html]
[mormonthink.com/QUOTES/kirtlandtemple.html]
[mormonthink.com/QUOTES/lastdays.html]
[mormonthink.com/QUOTES/linealpriesthood.html]
[mormonthink.com/QUOTES/losttribes.html]
[mormonthink.com/QUOTES/magic.html]
[mormonthink.com/QUOTES/manuscriptfound.html]
[mormonthink.com/QUOTES/masonry.html]
[mormonthink.com/QUOTES/masturbation.html]
[mormonthink.com/QUOTES/methodist.html]
[mormonthink.com/QUOTES/mexican.html]
[mormonthink.com/QUOTES/misc.html]
[mormonthink.com/QUOTES/missionaries.html]
[mormonthink.com/QUOTES/missouri.html]
[mormonthink.com/QUOTES/moonsun.html]
[mormonthink.com/QUOTES/mmm.html]
[mormonthink.com/QUOTES/native.html]
[mormonthink.com/QUOTES/natureofgod.html]
[mormonthink.com/QUOTES/nauvooexpositor.html]
[mormonthink.com/QUOTES/nazi.html]
[mormonthink.com/QUOTES/paidclergy.html]
[mormonthink.com/QUOTES/paulhdunn.html]
[mormonthink.com/QUOTES/planets.html]
[mormonthink.com/QUOTES/plurality.html]
[mormonthink.com/QUOTES/politics.html]
[mormonthink.com/QUOTES/polygamy.html]
[mormonthink.com/QUOTES/priesthood.html]
[mormonthink.com/QUOTES/public.html]
[mormonthink.com/QUOTES/revival.html]
[mormonthink.com/QUOTES/salvation.html]
[mormonthink.com/QUOTES/science.html]
[mormonthink.com/QUOTES/seventy.html]
[mormonthink.com/QUOTES/sexed.html]
[mormonthink.com/QUOTES/sexuality.html]
[mormonthink.com/QUOTES/speaking.html]
[mormonthink.com/QUOTES/superiority.html]
[mormonthink.com/QUOTES/temples.html]
[mormonthink.com/QUOTES/templemarriage.html]
[mormonthink.com/QUOTES/templeoaths.html]
[mormonthink.com/glossary/templerecommend.html]
[mormonthink.com/QUOTES/unfulfilled.html]
[mormonthink.com/QUOTES/unitedstates.html]
[mormonthink.com/QUOTES/vengeance.html]
[mormonthink.com/QUOTES/virtue.html]
[mormonthink.com/QUOTES/whitehorse.html]
[mormonthink.com/QUOTES/witchhazel.html]
[mormonthink.com/QUOTES/women.html]
[mormonthink.com/QUOTES/wow.html]
[mormonthink.com/personalstories/itstartedwithscience.html]
[mormonthink.com/personalstories/parkromney.html]
[mormonthink.com/personalstories/resignation_letter.html]
[mormonthink.com/personalstories/averywright.html]
[mormonthink.com/personalstories/willbagley.html]
[mormonthink.com/personalstories/darronsmith.html]
[mormonthink.com/personalstories/stevebloor.html]
[mormonthink.com/personalstories/hans-mattsson.html]
[mormonthink.com/personalstories/stephen-jones.html]
[mormonthink.com/personalstories2.html]
[mormonthink.com/improvement-era.html]
[mormonthink.com/fair09.html]
[mormonthink.com/personalstories/anonymous.html]
[mormonthink.com/glossary/missions-pre1978.html]
[mormonthink.com/backup/bomtrans101.html]
[mormonthink.com/grant12.html]
[mormonthink.com/grant11.html]
[mormonthink.com/glossary/index-2.html]
[mormonthink.com/contact-files/captcha/securimage_show7b00.png]
[mormonthink.com/contact-files/captcha/securimage_showc479.png]
[mormonthink.com/backup/horses_files/Menu%20Sidebar.html]
[mormonthink.com/grant2.html]
[mormonthink.com/grant7.html]
[mormonthink.com/grant8.html]
[mormonthink.com/gptimeline.html]
[mormonthink.com/grant10.html]
[mormonthink.com/army03.html]
[mormonthink.com/army04.html]
[mormonthink.com/part1.html]
[mormonthink.com/should.html]
[mormonthink.com/mormonstudiesarmy02.html]
[mormonthink.com/mormonstudiesarmy03.html]
[mormonthink.com/mormonstudiesarmy04.html]
[mormonthink.com/mormonstudiespart1.html]
[mormonthink.com/mormonstudiesshould.html]
[mormonthink.com/backup/edward_ashment_part1_files/sh103.html]
[mormonthink.com/backup/edward_ashment_part2_files/sh103.html]
[mormonthink.com/personalstories/lamborn.html]
[mormonthink.com/personalstories/lyndonreply.html]
[mormonthink.com/personalstories/lyndonpoem.html]
[mormonthink.com/indexa51c.html]
[mormonthink.com/christian.html]
[mormonthink.com/politics.html]
[mormonthink.com/backup/Mormon Visions and Joseph Smith Holy Ghost.html]
[mormonthink.com/backup/scripture-changes.html]
[mormonthink.com/glossary/transcript-infants-on-thrones.html]
[mormonthink.com/QUOTES/templerecommend.html]
[mormonthink.com/toogoodtobetrue.html]
[mormonthink.com/darronsmith-mia-love.html]
[mormonthink.com/index-2.html]
[mormonthink.com/personalstories/larapeterson.html]
[mormonthink.com/personalstories/lancemiles.html]
[mormonthink.com/personalstories/charleshutchinson.html]
[mormonthink.com/personalstories/leebaker.html]
[mormonthink.com/personalstories/kevinrex.html]
[mormonthink.com/personalstories/benjamingoldstein.html]
[mormonthink.com/personalstories/josh-tesch.html]
[mormonthink.com/personalstories/donaldcohen.html]
[mormonthink.com/personalstories/bw.html]
[mormonthink.com/part2.html]
[mormonthink.com/part3.html]
[mormonthink.com/part4.html]
